../Core/Src/main.c:79:5:main	8	static
../Core/Src/main.c:134:6:SystemClock_Config	88	static
../Core/Src/main.c:180:13:MX_ADC1_Init	24	static
../Core/Src/main.c:227:13:MX_I2C1_Init	8	static
../Core/Src/main.c:261:13:MX_RTC_Init	16	static
../Core/Src/main.c:319:13:MX_USART1_UART_Init	8	static
../Core/Src/main.c:352:13:MX_USART2_UART_Init	8	static
../Core/Src/main.c:385:13:MX_USART3_UART_Init	8	static
../Core/Src/main.c:418:13:MX_GPIO_Init	40	static
../Core/Src/main.c:488:6:Error_Handler	4	static,ignoring_inline_asm
